$ /home/ofek/os/Exercise_1
$ $ /
$ $ /
$ $ /tmp
$ snap-private-tmp
systemd-private-cca8c9c21b514c43819545599f35333a-systemd-logind.service-Mvgkjz
systemd-private-cca8c9c21b514c43819545599f35333a-systemd-resolved.service-QnUac6
test_dir
$ mkdir: cannot create directory ‘test_dir’: File exists
$ mkdir: cannot create directory ‘test_dir’: File exists
$ $ /tmp/test_dir
$ $ another_test_dir
file1.txt
file2.txt
test_dir
$ $ pwd
cd /
pwd
cd ..
pwd
cd /tmp
pwd
ls
mkdir test_dir
mkdir test_dir
cd test_dir
pwd
touch file1.txt file2.txt
ls
cat file1.txt
history
$ chdir failed: No such file or directory
$ ls: cannot access 'non_existent_file.txt': No such file or directory
$ $ another_test_dir
file2.txt
test_dir
$ pwd
cd /
pwd
cd ..
pwd
cd /tmp
pwd
ls
mkdir test_dir
mkdir test_dir
cd test_dir
pwd
touch file1.txt file2.txt
ls
cat file1.txt
history
cd ../non_existent_directory
ls non_existent_file.txt
rm file1.txt
ls
history
$ exec failed: No such file or directory
$ /tmp/test_dir
$ rmdir: failed to remove 'test_dir': Directory not empty
$ chdir failed: Bad address
$ /tmp/test_dir
$ pwd
cd /
pwd
cd ..
pwd
cd /tmp
pwd
ls
mkdir test_dir
mkdir test_dir
cd test_dir
pwd
touch file1.txt file2.txt
ls
cat file1.txt
history
cd ../non_existent_directory
ls non_existent_file.txt
rm file1.txt
ls
history
unknown_command
pwd
rmdir test_dir
cd
pwd
history
$ mkdir: cannot create directory ‘another_test_dir’: File exists
$ $ $ another_file.txt
$ $ $ rmdir: failed to remove 'another_test_dir': Directory not empty
$ pwd
cd /
pwd
cd ..
pwd
cd /tmp
pwd
ls
mkdir test_dir
mkdir test_dir
cd test_dir
pwd
touch file1.txt file2.txt
ls
cat file1.txt
history
cd ../non_existent_directory
ls non_existent_file.txt
rm file1.txt
ls
history
unknown_command
pwd
rmdir test_dir
cd
pwd
history
mkdir another_test_dir
cd another_test_dir
touch another_file.txt
ls
cat another_file.txt
cd ..
rmdir another_test_dir
history
$ mkdir: cannot create directory ‘test_dir’: File exists
$ $ $ test1.txt
test2.txt
$ $ $ test1.txt
$ $ rmdir: failed to remove 'test_dir': Directory not empty
$ pwd
cd /
pwd
cd ..
pwd
cd /tmp
pwd
ls
mkdir test_dir
mkdir test_dir
cd test_dir
pwd
touch file1.txt file2.txt
ls
cat file1.txt
history
cd ../non_existent_directory
ls non_existent_file.txt
rm file1.txt
ls
history
unknown_command
pwd
rmdir test_dir
cd
pwd
history
mkdir another_test_dir
cd another_test_dir
touch another_file.txt
ls
cat another_file.txt
cd ..
rmdir another_test_dir
history
mkdir test_dir
cd test_dir
touch test1.txt test2.txt
ls
cat test1.txt
rm test2.txt
ls
cd ..
rmdir test_dir
history
$ chdir failed: No such file or directory
$ /tmp/test_dir
$ 